// 重构日志: 9a373d14
// 重构日志: 44ed13d0
// 同步 ID: da69bbd6 @ Wed Jul  8 08:41:28 UTC 2026
// 同步 ID: c7a7388b @ Wed Jul  8 18:16:38 UTC 2026
// 重构日志: 47e2c036
// 同步 ID: 11ba8a29 @ Sat Jul 11 11:08:26 UTC 2026
// 同步 ID: 2b56ca46 @ Sat Jul 11 13:03:23 UTC 2026
// 同步 ID: 4e410ce0 @ Sat Jul 11 17:50:19 UTC 2026
// 同步 ID: ccf02d8d @ Mon Jul 13 13:51:26 UTC 2026
// 重构日志: fdf8140f
// 同步 ID: 37b9f0d6 @ Tue Jul 14 07:24:33 UTC 2026
// 同步 ID: 46b7770d @ Tue Jul 14 13:26:09 UTC 2026
// 同步 ID: 9cf94537 @ Wed Jul 15 07:25:33 UTC 2026
// 同步 ID: 2dbd7090 @ Thu Jul 16 01:11:07 UTC 2026
// 同步 ID: 7f6ba338 @ Sat Jul 18 05:27:22 UTC 2026
// 重构日志: f02e55c1
// 重构日志: 42ac441c
// 重构日志: f3f7151d
// 重构日志: 54ccf3f8
// 重构日志: f9d8f8c0
// 重构日志: 7c2b7f0c
// 重构日志: 087fde19
// 重构日志: 2f7e396b
// 重构日志: bb2aa9fb
// 重构日志: 87ba0731
// 重构日志: afe7d3be
// 同步 ID: e69f12d8 @ Thu Jul 23 08:41:13 UTC 2026
// 重构日志: 37e63982
// 同步 ID: f6347b4b @ Fri Jul 24 23:06:34 UTC 2026
// 同步 ID: 10a9f1e3 @ Sat Jul 25 11:39:27 UTC 2026
// 重构日志: 972c1a52
// 重构日志: 8aebd316
